Spam version 2.11-3 (2026-01-05) is loaded.
Type 'help( Spam)' or 'demo( spam)' for a short introduction 
and overview of this package.
Help for individual functions is also obtained by adding the
suffix '.spam' to the function name, e.g. 'help( chol.spam)'.

Attaching package: 'spam'

The following object is masked from 'package:Matrix':

    det

The following objects are masked from 'package:base':

    backsolve, forwardsolve

Loading required package: viridisLite

Try help(fields) to get started.
Loading required package: spam64
Loading required package: fftwtools

Attaching package: 'xtable'

The following object is masked from 'package:spam':

    display

Loading required package: coda
Loading required package: MASS

Attaching package: 'MASS'

The following objects are masked from 'package:raster':

    area, select

##
## Markov Chain Monte Carlo Package (MCMCpack)
## Copyright (C) 2003-2026 Andrew D. Martin, Kevin M. Quinn, and Jong Hee Park
##
## Support provided by the U.S. National Science Foundation
## (Grants SES-0350646 and SES-0350613)
##

Attaching package: 'MCMCpack'

The following objects are masked from 'package:invgamma':

    dinvgamma, rinvgamma

This is INLA_25.03.13 built 2025-03-12 21:15:52 UTC.
 - See www.r-inla.org/contact-us for how to get help.
 - List available models/likelihoods/etc with inla.list.models()
 - Use inla.doc(<NAME>) to access documentation

Attaching package: 'INLA'

The following object is masked from 'package:spam':

    Oral


Attaching package: 'data.table'

The following object is masked from 'package:raster':

    shift

Loading required package: grid
Loading required package: survival

Attaching package: 'survival'

The following objects are masked from 'package:sampling':

    cluster, strata


Attaching package: 'survey'

The following object is masked from 'package:raster':

    cv

The following object is masked from 'package:graphics':

    dotchart

SUMMER version 1.4.1
  See latest changes with 'news(package = 'SUMMER')'
Loading required package: TraMineR

TraMineR stable version 2.2-11 (Built: 2025-03-22)
Website: http://traminer.unige.ch
Please type 'citation("TraMineR")' for citation information.

Loading required package: cluster
This is WeightedCluster stable version 1.8-1 (Built: 2025-03-22)

To access available manuals and short tutorials, please run:
   vignette("WeightedCluster") ## For the complete manual in English
   vignette(package="WeightedCluster") ## To list available documentation

To cite WeightedCluster in publications please use or references in the help pages:
Studer, Matthias (2013). WeightedCluster Library Manual: A practical
   guide to creating typologies of trajectories in the social sciences
   with R. LIVES Working Papers, 24. doi:
   10.12682/lives.2296-1658.2013.24
Loading required package: foreign

Attaching package: 'shapefiles'

The following objects are masked from 'package:foreign':

    read.dbf, write.dbf

Loading required package: usethis

Attaching package: 'colorspace'

The following object is masked from 'package:raster':

    RGB

Loading required package: Rcpp
Warning in CPL_crs_from_input(x) :
  GDAL Message 1: +init=epsg:XXXX syntax is deprecated. It might return a CRS with a non-EPSG compliant axis order.

--- 2026-06-08 09:14:14 | BYM2 surveys (sims 10-100 only) ---
[sim] loading cached savedOutput/simStudy1/simPopsSurveys_BYM2.RData (>=100 sims complete)
[intPts sim 10] building savedOutput/simStudy1/intPtsDHS_simStudy1_BYM2_10_K16_21.RData ...
[intPts sim 10] done in 3.1 min
[intPts sim 11] building savedOutput/simStudy1/intPtsDHS_simStudy1_BYM2_11_K16_21.RData ...
[intPts sim 11] done in 3.0 min
[intPts sim 12] building savedOutput/simStudy1/intPtsDHS_simStudy1_BYM2_12_K16_21.RData ...
[intPts sim 12] done in 3.1 min
[intPts sim 13] building savedOutput/simStudy1/intPtsDHS_simStudy1_BYM2_13_K16_21.RData ...
[intPts sim 13] done in 3.6 min
[intPts sim 14] building savedOutput/simStudy1/intPtsDHS_simStudy1_BYM2_14_K16_21.RData ...
[intPts sim 14] done in 3.6 min
[intPts sim 15] building savedOutput/simStudy1/intPtsDHS_simStudy1_BYM2_15_K16_21.RData ...
[intPts sim 15] done in 3.7 min
[intPts sim 16] building savedOutput/simStudy1/intPtsDHS_simStudy1_BYM2_16_K16_21.RData ...
[intPts sim 16] done in 3.4 min
[intPts sim 17] building savedOutput/simStudy1/intPtsDHS_simStudy1_BYM2_17_K16_21.RData ...
[intPts sim 17] done in 3.4 min
[intPts sim 18] building savedOutput/simStudy1/intPtsDHS_simStudy1_BYM2_18_K16_21.RData ...
[intPts sim 18] done in 3.3 min
[intPts sim 19] building savedOutput/simStudy1/intPtsDHS_simStudy1_BYM2_19_K16_21.RData ...
[intPts sim 19] done in 3.3 min
  BYM2 [10/91 (sim 19)]  elapsed 33.5 min  eta 271.2 min
[intPts sim 20] building savedOutput/simStudy1/intPtsDHS_simStudy1_BYM2_20_K16_21.RData ...
[intPts sim 20] done in 3.2 min
[intPts sim 21] building savedOutput/simStudy1/intPtsDHS_simStudy1_BYM2_21_K16_21.RData ...
[intPts sim 21] done in 3.0 min
[intPts sim 22] building savedOutput/simStudy1/intPtsDHS_simStudy1_BYM2_22_K16_21.RData ...
[intPts sim 22] done in 3.1 min
[intPts sim 23] building savedOutput/simStudy1/intPtsDHS_simStudy1_BYM2_23_K16_21.RData ...
[intPts sim 23] done in 3.1 min
[intPts sim 24] building savedOutput/simStudy1/intPtsDHS_simStudy1_BYM2_24_K16_21.RData ...
[intPts sim 24] done in 3.0 min
[intPts sim 25] building savedOutput/simStudy1/intPtsDHS_simStudy1_BYM2_25_K16_21.RData ...
[intPts sim 25] done in 3.0 min
[intPts sim 26] building savedOutput/simStudy1/intPtsDHS_simStudy1_BYM2_26_K16_21.RData ...
[intPts sim 26] done in 3.0 min
[intPts sim 27] building savedOutput/simStudy1/intPtsDHS_simStudy1_BYM2_27_K16_21.RData ...
[intPts sim 27] done in 3.0 min
[intPts sim 28] building savedOutput/simStudy1/intPtsDHS_simStudy1_BYM2_28_K16_21.RData ...
[intPts sim 28] done in 3.0 min
[intPts sim 29] building savedOutput/simStudy1/intPtsDHS_simStudy1_BYM2_29_K16_21.RData ...
[intPts sim 29] done in 3.0 min
  BYM2 [20/91 (sim 29)]  elapsed 63.8 min  eta 226.5 min
[intPts sim 30] building savedOutput/simStudy1/intPtsDHS_simStudy1_BYM2_30_K16_21.RData ...
[intPts sim 30] done in 3.2 min
[intPts sim 31] building savedOutput/simStudy1/intPtsDHS_simStudy1_BYM2_31_K16_21.RData ...
[intPts sim 31] done in 3.3 min
[intPts sim 32] building savedOutput/simStudy1/intPtsDHS_simStudy1_BYM2_32_K16_21.RData ...
[intPts sim 32] done in 3.4 min
[intPts sim 33] building savedOutput/simStudy1/intPtsDHS_simStudy1_BYM2_33_K16_21.RData ...
[intPts sim 33] done in 3.3 min
[intPts sim 34] building savedOutput/simStudy1/intPtsDHS_simStudy1_BYM2_34_K16_21.RData ...
[intPts sim 34] done in 3.4 min
[intPts sim 35] building savedOutput/simStudy1/intPtsDHS_simStudy1_BYM2_35_K16_21.RData ...
[intPts sim 35] done in 3.4 min
[intPts sim 36] building savedOutput/simStudy1/intPtsDHS_simStudy1_BYM2_36_K16_21.RData ...
[intPts sim 36] done in 3.2 min
[intPts sim 37] building savedOutput/simStudy1/intPtsDHS_simStudy1_BYM2_37_K16_21.RData ...
[intPts sim 37] done in 3.3 min
[intPts sim 38] building savedOutput/simStudy1/intPtsDHS_simStudy1_BYM2_38_K16_21.RData ...
[intPts sim 38] done in 3.4 min
[intPts sim 39] building savedOutput/simStudy1/intPtsDHS_simStudy1_BYM2_39_K16_21.RData ...
[intPts sim 39] done in 3.3 min
  BYM2 [30/91 (sim 39)]  elapsed 96.9 min  eta 197.1 min
[intPts sim 40] building savedOutput/simStudy1/intPtsDHS_simStudy1_BYM2_40_K16_21.RData ...
[intPts sim 40] done in 3.3 min
[intPts sim 41] building savedOutput/simStudy1/intPtsDHS_simStudy1_BYM2_41_K16_21.RData ...
[intPts sim 41] done in 3.3 min
[intPts sim 42] building savedOutput/simStudy1/intPtsDHS_simStudy1_BYM2_42_K16_21.RData ...
[intPts sim 42] done in 3.3 min
[intPts sim 43] building savedOutput/simStudy1/intPtsDHS_simStudy1_BYM2_43_K16_21.RData ...
[intPts sim 43] done in 3.3 min
[intPts sim 44] building savedOutput/simStudy1/intPtsDHS_simStudy1_BYM2_44_K16_21.RData ...
[intPts sim 44] done in 3.0 min
[intPts sim 45] building savedOutput/simStudy1/intPtsDHS_simStudy1_BYM2_45_K16_21.RData ...
[intPts sim 45] done in 3.2 min
[intPts sim 46] building savedOutput/simStudy1/intPtsDHS_simStudy1_BYM2_46_K16_21.RData ...
[intPts sim 46] done in 3.2 min
[intPts sim 47] building savedOutput/simStudy1/intPtsDHS_simStudy1_BYM2_47_K16_21.RData ...
[intPts sim 47] done in 3.3 min
[intPts sim 48] building savedOutput/simStudy1/intPtsDHS_simStudy1_BYM2_48_K16_21.RData ...
[intPts sim 48] done in 3.3 min
[intPts sim 49] building savedOutput/simStudy1/intPtsDHS_simStudy1_BYM2_49_K16_21.RData ...
[intPts sim 49] done in 3.2 min
  BYM2 [40/91 (sim 49)]  elapsed 129.3 min  eta 164.9 min
[intPts sim 50] building savedOutput/simStudy1/intPtsDHS_simStudy1_BYM2_50_K16_21.RData ...
[intPts sim 50] done in 3.8 min
[intPts sim 51] building savedOutput/simStudy1/intPtsDHS_simStudy1_BYM2_51_K16_21.RData ...
[intPts sim 51] done in 3.3 min
[intPts sim 52] building savedOutput/simStudy1/intPtsDHS_simStudy1_BYM2_52_K16_21.RData ...
[intPts sim 52] done in 3.3 min
[intPts sim 53] building savedOutput/simStudy1/intPtsDHS_simStudy1_BYM2_53_K16_21.RData ...
[intPts sim 53] done in 3.2 min
[intPts sim 54] building savedOutput/simStudy1/intPtsDHS_simStudy1_BYM2_54_K16_21.RData ...
[intPts sim 54] done in 3.2 min
[intPts sim 55] building savedOutput/simStudy1/intPtsDHS_simStudy1_BYM2_55_K16_21.RData ...
[intPts sim 55] done in 3.3 min
[intPts sim 56] building savedOutput/simStudy1/intPtsDHS_simStudy1_BYM2_56_K16_21.RData ...
[intPts sim 56] done in 3.6 min
[intPts sim 57] building savedOutput/simStudy1/intPtsDHS_simStudy1_BYM2_57_K16_21.RData ...
[intPts sim 57] done in 3.4 min
[intPts sim 58] building savedOutput/simStudy1/intPtsDHS_simStudy1_BYM2_58_K16_21.RData ...
[intPts sim 58] done in 3.3 min
[intPts sim 59] building savedOutput/simStudy1/intPtsDHS_simStudy1_BYM2_59_K16_21.RData ...
[intPts sim 59] done in 3.5 min
  BYM2 [50/91 (sim 59)]  elapsed 163.2 min  eta 133.8 min
[intPts sim 60] building savedOutput/simStudy1/intPtsDHS_simStudy1_BYM2_60_K16_21.RData ...
[intPts sim 60] done in 3.2 min
[intPts sim 61] building savedOutput/simStudy1/intPtsDHS_simStudy1_BYM2_61_K16_21.RData ...
[intPts sim 61] done in 3.0 min
[intPts sim 62] building savedOutput/simStudy1/intPtsDHS_simStudy1_BYM2_62_K16_21.RData ...
[intPts sim 62] done in 3.2 min
[intPts sim 63] building savedOutput/simStudy1/intPtsDHS_simStudy1_BYM2_63_K16_21.RData ...
[intPts sim 63] done in 3.1 min
[intPts sim 64] building savedOutput/simStudy1/intPtsDHS_simStudy1_BYM2_64_K16_21.RData ...
[intPts sim 64] done in 3.1 min
[intPts sim 65] building savedOutput/simStudy1/intPtsDHS_simStudy1_BYM2_65_K16_21.RData ...
[intPts sim 65] done in 3.0 min
[intPts sim 66] building savedOutput/simStudy1/intPtsDHS_simStudy1_BYM2_66_K16_21.RData ...
[intPts sim 66] done in 3.2 min
[intPts sim 67] building savedOutput/simStudy1/intPtsDHS_simStudy1_BYM2_67_K16_21.RData ...
[intPts sim 67] done in 3.4 min
[intPts sim 68] building savedOutput/simStudy1/intPtsDHS_simStudy1_BYM2_68_K16_21.RData ...
[intPts sim 68] done in 3.5 min
[intPts sim 69] building savedOutput/simStudy1/intPtsDHS_simStudy1_BYM2_69_K16_21.RData ...
[intPts sim 69] done in 3.6 min
  BYM2 [60/91 (sim 69)]  elapsed 195.4 min  eta 101.0 min
[intPts sim 70] building savedOutput/simStudy1/intPtsDHS_simStudy1_BYM2_70_K16_21.RData ...
[intPts sim 70] done in 3.8 min
[intPts sim 71] building savedOutput/simStudy1/intPtsDHS_simStudy1_BYM2_71_K16_21.RData ...
[intPts sim 71] done in 3.4 min
[intPts sim 72] building savedOutput/simStudy1/intPtsDHS_simStudy1_BYM2_72_K16_21.RData ...
[intPts sim 72] done in 3.4 min
[intPts sim 73] building savedOutput/simStudy1/intPtsDHS_simStudy1_BYM2_73_K16_21.RData ...
[intPts sim 73] done in 3.5 min
[intPts sim 74] building savedOutput/simStudy1/intPtsDHS_simStudy1_BYM2_74_K16_21.RData ...
[intPts sim 74] done in 3.7 min
[intPts sim 75] building savedOutput/simStudy1/intPtsDHS_simStudy1_BYM2_75_K16_21.RData ...
[intPts sim 75] done in 5.3 min
[intPts sim 76] building savedOutput/simStudy1/intPtsDHS_simStudy1_BYM2_76_K16_21.RData ...
[intPts sim 76] done in 6.0 min
[intPts sim 77] building savedOutput/simStudy1/intPtsDHS_simStudy1_BYM2_77_K16_21.RData ...
[intPts sim 77] done in 3.9 min
[intPts sim 78] building savedOutput/simStudy1/intPtsDHS_simStudy1_BYM2_78_K16_21.RData ...
[intPts sim 78] done in 3.3 min
[intPts sim 79] building savedOutput/simStudy1/intPtsDHS_simStudy1_BYM2_79_K16_21.RData ...
[intPts sim 79] done in 3.5 min
  BYM2 [70/91 (sim 79)]  elapsed 235.2 min  eta 70.6 min
[intPts sim 80] building savedOutput/simStudy1/intPtsDHS_simStudy1_BYM2_80_K16_21.RData ...
[intPts sim 80] done in 3.6 min
[intPts sim 81] building savedOutput/simStudy1/intPtsDHS_simStudy1_BYM2_81_K16_21.RData ...
[intPts sim 81] done in 4.1 min
[intPts sim 82] building savedOutput/simStudy1/intPtsDHS_simStudy1_BYM2_82_K16_21.RData ...
[intPts sim 82] done in 3.4 min
[intPts sim 83] building savedOutput/simStudy1/intPtsDHS_simStudy1_BYM2_83_K16_21.RData ...
[intPts sim 83] done in 3.6 min
[intPts sim 84] building savedOutput/simStudy1/intPtsDHS_simStudy1_BYM2_84_K16_21.RData ...
[intPts sim 84] done in 3.7 min
[intPts sim 85] building savedOutput/simStudy1/intPtsDHS_simStudy1_BYM2_85_K16_21.RData ...
[intPts sim 85] done in 4.0 min
[intPts sim 86] building savedOutput/simStudy1/intPtsDHS_simStudy1_BYM2_86_K16_21.RData ...
[intPts sim 86] done in 3.7 min
[intPts sim 87] building savedOutput/simStudy1/intPtsDHS_simStudy1_BYM2_87_K16_21.RData ...
[intPts sim 87] done in 3.6 min
[intPts sim 88] building savedOutput/simStudy1/intPtsDHS_simStudy1_BYM2_88_K16_21.RData ...
[intPts sim 88] done in 3.8 min
[intPts sim 89] building savedOutput/simStudy1/intPtsDHS_simStudy1_BYM2_89_K16_21.RData ...
[intPts sim 89] done in 3.7 min
  BYM2 [80/91 (sim 89)]  elapsed 272.4 min  eta 37.5 min
[intPts sim 90] building savedOutput/simStudy1/intPtsDHS_simStudy1_BYM2_90_K16_21.RData ...
[intPts sim 90] done in 3.7 min
[intPts sim 91] building savedOutput/simStudy1/intPtsDHS_simStudy1_BYM2_91_K16_21.RData ...
[intPts sim 91] done in 3.4 min
[intPts sim 92] building savedOutput/simStudy1/intPtsDHS_simStudy1_BYM2_92_K16_21.RData ...
[intPts sim 92] done in 3.2 min
[intPts sim 93] building savedOutput/simStudy1/intPtsDHS_simStudy1_BYM2_93_K16_21.RData ...
[intPts sim 93] done in 3.4 min
[intPts sim 94] building savedOutput/simStudy1/intPtsDHS_simStudy1_BYM2_94_K16_21.RData ...
[intPts sim 94] done in 3.4 min
[intPts sim 95] building savedOutput/simStudy1/intPtsDHS_simStudy1_BYM2_95_K16_21.RData ...
[intPts sim 95] done in 3.4 min
[intPts sim 96] building savedOutput/simStudy1/intPtsDHS_simStudy1_BYM2_96_K16_21.RData ...
[intPts sim 96] done in 3.1 min
[intPts sim 97] building savedOutput/simStudy1/intPtsDHS_simStudy1_BYM2_97_K16_21.RData ...
[intPts sim 97] done in 3.3 min
[intPts sim 98] building savedOutput/simStudy1/intPtsDHS_simStudy1_BYM2_98_K16_21.RData ...
[intPts sim 98] done in 3.3 min
[intPts sim 99] building savedOutput/simStudy1/intPtsDHS_simStudy1_BYM2_99_K16_21.RData ...
[intPts sim 99] done in 3.9 min
  BYM2 [90/91 (sim 99)]  elapsed 306.4 min  eta 3.4 min
[intPts sim 100] building savedOutput/simStudy1/intPtsDHS_simStudy1_BYM2_100_K16_21.RData ...
[intPts sim 100] done in 4.8 min

--- 2026-06-08 14:25:25 | SPDE surveys (all 1-100) ---
[sim] loading cached savedOutput/simStudy1/simPopsSurveys_SPDE.RData (>=100 sims complete)
[intPts sim 1] building savedOutput/simStudy1/intPtsDHS_simStudy1_SPDE_1_K16_21.RData ...
[intPts sim 1] done in 3.5 min
[intPts sim 2] building savedOutput/simStudy1/intPtsDHS_simStudy1_SPDE_2_K16_21.RData ...
[intPts sim 2] done in 3.5 min
[intPts sim 3] building savedOutput/simStudy1/intPtsDHS_simStudy1_SPDE_3_K16_21.RData ...
[intPts sim 3] done in 3.6 min
[intPts sim 4] building savedOutput/simStudy1/intPtsDHS_simStudy1_SPDE_4_K16_21.RData ...
[intPts sim 4] done in 3.4 min
[intPts sim 5] building savedOutput/simStudy1/intPtsDHS_simStudy1_SPDE_5_K16_21.RData ...
[intPts sim 5] done in 3.4 min
[intPts sim 6] building savedOutput/simStudy1/intPtsDHS_simStudy1_SPDE_6_K16_21.RData ...
[intPts sim 6] done in 3.4 min
[intPts sim 7] building savedOutput/simStudy1/intPtsDHS_simStudy1_SPDE_7_K16_21.RData ...
[intPts sim 7] done in 3.5 min
[intPts sim 8] building savedOutput/simStudy1/intPtsDHS_simStudy1_SPDE_8_K16_21.RData ...
[intPts sim 8] done in 3.2 min
[intPts sim 9] building savedOutput/simStudy1/intPtsDHS_simStudy1_SPDE_9_K16_21.RData ...
[intPts sim 9] done in 3.3 min
[intPts sim 10] building savedOutput/simStudy1/intPtsDHS_simStudy1_SPDE_10_K16_21.RData ...
[intPts sim 10] done in 4.0 min
  SPDE [10/100 (sim 10)]  elapsed 34.8 min  eta 313.1 min
[intPts sim 11] building savedOutput/simStudy1/intPtsDHS_simStudy1_SPDE_11_K16_21.RData ...
[intPts sim 11] done in 3.4 min
[intPts sim 12] building savedOutput/simStudy1/intPtsDHS_simStudy1_SPDE_12_K16_21.RData ...
[intPts sim 12] done in 3.3 min
[intPts sim 13] building savedOutput/simStudy1/intPtsDHS_simStudy1_SPDE_13_K16_21.RData ...
[intPts sim 13] done in 3.2 min
[intPts sim 14] building savedOutput/simStudy1/intPtsDHS_simStudy1_SPDE_14_K16_21.RData ...
[intPts sim 14] done in 3.0 min
[intPts sim 15] building savedOutput/simStudy1/intPtsDHS_simStudy1_SPDE_15_K16_21.RData ...
[intPts sim 15] done in 3.2 min
[intPts sim 16] building savedOutput/simStudy1/intPtsDHS_simStudy1_SPDE_16_K16_21.RData ...
[intPts sim 16] done in 3.3 min
[intPts sim 17] building savedOutput/simStudy1/intPtsDHS_simStudy1_SPDE_17_K16_21.RData ...
[intPts sim 17] done in 3.3 min
[intPts sim 18] building savedOutput/simStudy1/intPtsDHS_simStudy1_SPDE_18_K16_21.RData ...
[intPts sim 18] done in 3.5 min
[intPts sim 19] building savedOutput/simStudy1/intPtsDHS_simStudy1_SPDE_19_K16_21.RData ...
[intPts sim 19] done in 3.2 min
[intPts sim 20] building savedOutput/simStudy1/intPtsDHS_simStudy1_SPDE_20_K16_21.RData ...
[intPts sim 20] done in 3.7 min
  SPDE [20/100 (sim 20)]  elapsed 67.9 min  eta 271.7 min
[intPts sim 21] building savedOutput/simStudy1/intPtsDHS_simStudy1_SPDE_21_K16_21.RData ...
[intPts sim 21] done in 3.4 min
[intPts sim 22] building savedOutput/simStudy1/intPtsDHS_simStudy1_SPDE_22_K16_21.RData ...
[intPts sim 22] done in 3.0 min
[intPts sim 23] building savedOutput/simStudy1/intPtsDHS_simStudy1_SPDE_23_K16_21.RData ...
[intPts sim 23] done in 3.1 min
[intPts sim 24] building savedOutput/simStudy1/intPtsDHS_simStudy1_SPDE_24_K16_21.RData ...
[intPts sim 24] done in 3.0 min
[intPts sim 25] building savedOutput/simStudy1/intPtsDHS_simStudy1_SPDE_25_K16_21.RData ...
[intPts sim 25] done in 3.1 min
[intPts sim 26] building savedOutput/simStudy1/intPtsDHS_simStudy1_SPDE_26_K16_21.RData ...
[intPts sim 26] done in 3.1 min
[intPts sim 27] building savedOutput/simStudy1/intPtsDHS_simStudy1_SPDE_27_K16_21.RData ...
[intPts sim 27] done in 3.0 min
[intPts sim 28] building savedOutput/simStudy1/intPtsDHS_simStudy1_SPDE_28_K16_21.RData ...
[intPts sim 28] done in 3.1 min
[intPts sim 29] building savedOutput/simStudy1/intPtsDHS_simStudy1_SPDE_29_K16_21.RData ...
[intPts sim 29] done in 3.0 min
[intPts sim 30] building savedOutput/simStudy1/intPtsDHS_simStudy1_SPDE_30_K16_21.RData ...
[intPts sim 30] done in 3.4 min
  SPDE [30/100 (sim 30)]  elapsed 99.1 min  eta 231.3 min
[intPts sim 31] building savedOutput/simStudy1/intPtsDHS_simStudy1_SPDE_31_K16_21.RData ...
[intPts sim 31] done in 3.4 min
[intPts sim 32] building savedOutput/simStudy1/intPtsDHS_simStudy1_SPDE_32_K16_21.RData ...
[intPts sim 32] done in 2.9 min
[intPts sim 33] building savedOutput/simStudy1/intPtsDHS_simStudy1_SPDE_33_K16_21.RData ...
[intPts sim 33] done in 3.0 min
[intPts sim 34] building savedOutput/simStudy1/intPtsDHS_simStudy1_SPDE_34_K16_21.RData ...
[intPts sim 34] done in 2.9 min
[intPts sim 35] building savedOutput/simStudy1/intPtsDHS_simStudy1_SPDE_35_K16_21.RData ...
[intPts sim 35] done in 3.0 min
[intPts sim 36] building savedOutput/simStudy1/intPtsDHS_simStudy1_SPDE_36_K16_21.RData ...
[intPts sim 36] done in 3.0 min
[intPts sim 37] building savedOutput/simStudy1/intPtsDHS_simStudy1_SPDE_37_K16_21.RData ...
[intPts sim 37] done in 3.0 min
[intPts sim 38] building savedOutput/simStudy1/intPtsDHS_simStudy1_SPDE_38_K16_21.RData ...
[intPts sim 38] done in 3.1 min
[intPts sim 39] building savedOutput/simStudy1/intPtsDHS_simStudy1_SPDE_39_K16_21.RData ...
[intPts sim 39] done in 3.1 min
[intPts sim 40] building savedOutput/simStudy1/intPtsDHS_simStudy1_SPDE_40_K16_21.RData ...
[intPts sim 40] done in 3.5 min
  SPDE [40/100 (sim 40)]  elapsed 130.0 min  eta 195.0 min
[intPts sim 41] building savedOutput/simStudy1/intPtsDHS_simStudy1_SPDE_41_K16_21.RData ...
[intPts sim 41] done in 3.5 min
[intPts sim 42] building savedOutput/simStudy1/intPtsDHS_simStudy1_SPDE_42_K16_21.RData ...
[intPts sim 42] done in 3.2 min
[intPts sim 43] building savedOutput/simStudy1/intPtsDHS_simStudy1_SPDE_43_K16_21.RData ...
[intPts sim 43] done in 3.3 min
[intPts sim 44] building savedOutput/simStudy1/intPtsDHS_simStudy1_SPDE_44_K16_21.RData ...
[intPts sim 44] done in 3.1 min
[intPts sim 45] building savedOutput/simStudy1/intPtsDHS_simStudy1_SPDE_45_K16_21.RData ...
[intPts sim 45] done in 3.3 min
[intPts sim 46] building savedOutput/simStudy1/intPtsDHS_simStudy1_SPDE_46_K16_21.RData ...
[intPts sim 46] done in 3.2 min
[intPts sim 47] building savedOutput/simStudy1/intPtsDHS_simStudy1_SPDE_47_K16_21.RData ...
[intPts sim 47] done in 3.1 min
[intPts sim 48] building savedOutput/simStudy1/intPtsDHS_simStudy1_SPDE_48_K16_21.RData ...
[intPts sim 48] done in 3.1 min
[intPts sim 49] building savedOutput/simStudy1/intPtsDHS_simStudy1_SPDE_49_K16_21.RData ...
[intPts sim 49] done in 3.2 min
[intPts sim 50] building savedOutput/simStudy1/intPtsDHS_simStudy1_SPDE_50_K16_21.RData ...
[intPts sim 50] done in 3.1 min
  SPDE [50/100 (sim 50)]  elapsed 162.2 min  eta 162.2 min
[intPts sim 51] building savedOutput/simStudy1/intPtsDHS_simStudy1_SPDE_51_K16_21.RData ...
[intPts sim 51] done in 3.3 min
[intPts sim 52] building savedOutput/simStudy1/intPtsDHS_simStudy1_SPDE_52_K16_21.RData ...
[intPts sim 52] done in 3.1 min
[intPts sim 53] building savedOutput/simStudy1/intPtsDHS_simStudy1_SPDE_53_K16_21.RData ...
[intPts sim 53] done in 3.1 min
[intPts sim 54] building savedOutput/simStudy1/intPtsDHS_simStudy1_SPDE_54_K16_21.RData ...
[intPts sim 54] done in 3.4 min
[intPts sim 55] building savedOutput/simStudy1/intPtsDHS_simStudy1_SPDE_55_K16_21.RData ...
[intPts sim 55] done in 36.3 min
[intPts sim 56] building savedOutput/simStudy1/intPtsDHS_simStudy1_SPDE_56_K16_21.RData ...
[intPts sim 56] done in 2.9 min
[intPts sim 57] building savedOutput/simStudy1/intPtsDHS_simStudy1_SPDE_57_K16_21.RData ...
[intPts sim 57] done in 2.9 min
[intPts sim 58] building savedOutput/simStudy1/intPtsDHS_simStudy1_SPDE_58_K16_21.RData ...
[intPts sim 58] done in 3.0 min
[intPts sim 59] building savedOutput/simStudy1/intPtsDHS_simStudy1_SPDE_59_K16_21.RData ...
[intPts sim 59] done in 3.0 min
[intPts sim 60] building savedOutput/simStudy1/intPtsDHS_simStudy1_SPDE_60_K16_21.RData ...
[intPts sim 60] done in 3.0 min
  SPDE [60/100 (sim 60)]  elapsed 226.3 min  eta 150.8 min
[intPts sim 61] building savedOutput/simStudy1/intPtsDHS_simStudy1_SPDE_61_K16_21.RData ...
[intPts sim 61] done in 3.1 min
[intPts sim 62] building savedOutput/simStudy1/intPtsDHS_simStudy1_SPDE_62_K16_21.RData ...
[intPts sim 62] done in 3.3 min
[intPts sim 63] building savedOutput/simStudy1/intPtsDHS_simStudy1_SPDE_63_K16_21.RData ...
[intPts sim 63] done in 3.2 min
[intPts sim 64] building savedOutput/simStudy1/intPtsDHS_simStudy1_SPDE_64_K16_21.RData ...
[intPts sim 64] done in 3.2 min
[intPts sim 65] building savedOutput/simStudy1/intPtsDHS_simStudy1_SPDE_65_K16_21.RData ...
[intPts sim 65] done in 3.3 min
[intPts sim 66] building savedOutput/simStudy1/intPtsDHS_simStudy1_SPDE_66_K16_21.RData ...
[intPts sim 66] done in 3.3 min
[intPts sim 67] building savedOutput/simStudy1/intPtsDHS_simStudy1_SPDE_67_K16_21.RData ...
[intPts sim 67] done in 3.2 min
[intPts sim 68] building savedOutput/simStudy1/intPtsDHS_simStudy1_SPDE_68_K16_21.RData ...
[intPts sim 68] done in 3.2 min
[intPts sim 69] building savedOutput/simStudy1/intPtsDHS_simStudy1_SPDE_69_K16_21.RData ...
[intPts sim 69] done in 3.1 min
[intPts sim 70] building savedOutput/simStudy1/intPtsDHS_simStudy1_SPDE_70_K16_21.RData ...
[intPts sim 70] done in 3.1 min
  SPDE [70/100 (sim 70)]  elapsed 258.3 min  eta 110.7 min
[intPts sim 71] building savedOutput/simStudy1/intPtsDHS_simStudy1_SPDE_71_K16_21.RData ...
[intPts sim 71] done in 3.1 min
[intPts sim 72] building savedOutput/simStudy1/intPtsDHS_simStudy1_SPDE_72_K16_21.RData ...
[intPts sim 72] done in 3.1 min
[intPts sim 73] building savedOutput/simStudy1/intPtsDHS_simStudy1_SPDE_73_K16_21.RData ...
[intPts sim 73] done in 3.2 min
[intPts sim 74] building savedOutput/simStudy1/intPtsDHS_simStudy1_SPDE_74_K16_21.RData ...
[intPts sim 74] done in 3.2 min
[intPts sim 75] building savedOutput/simStudy1/intPtsDHS_simStudy1_SPDE_75_K16_21.RData ...
[intPts sim 75] done in 3.1 min
[intPts sim 76] building savedOutput/simStudy1/intPtsDHS_simStudy1_SPDE_76_K16_21.RData ...
[intPts sim 76] done in 3.1 min
[intPts sim 77] building savedOutput/simStudy1/intPtsDHS_simStudy1_SPDE_77_K16_21.RData ...
[intPts sim 77] done in 3.2 min
[intPts sim 78] building savedOutput/simStudy1/intPtsDHS_simStudy1_SPDE_78_K16_21.RData ...
[intPts sim 78] done in 3.1 min
[intPts sim 79] building savedOutput/simStudy1/intPtsDHS_simStudy1_SPDE_79_K16_21.RData ...
[intPts sim 79] done in 3.1 min
[intPts sim 80] building savedOutput/simStudy1/intPtsDHS_simStudy1_SPDE_80_K16_21.RData ...
[intPts sim 80] done in 3.1 min
  SPDE [80/100 (sim 80)]  elapsed 289.4 min  eta 72.4 min
[intPts sim 81] building savedOutput/simStudy1/intPtsDHS_simStudy1_SPDE_81_K16_21.RData ...
[intPts sim 81] done in 3.1 min
[intPts sim 82] building savedOutput/simStudy1/intPtsDHS_simStudy1_SPDE_82_K16_21.RData ...
[intPts sim 82] done in 3.1 min
[intPts sim 83] building savedOutput/simStudy1/intPtsDHS_simStudy1_SPDE_83_K16_21.RData ...
[intPts sim 83] done in 3.1 min
[intPts sim 84] building savedOutput/simStudy1/intPtsDHS_simStudy1_SPDE_84_K16_21.RData ...
[intPts sim 84] done in 3.1 min
[intPts sim 85] building savedOutput/simStudy1/intPtsDHS_simStudy1_SPDE_85_K16_21.RData ...
[intPts sim 85] done in 3.1 min
[intPts sim 86] building savedOutput/simStudy1/intPtsDHS_simStudy1_SPDE_86_K16_21.RData ...
[intPts sim 86] done in 3.1 min
[intPts sim 87] building savedOutput/simStudy1/intPtsDHS_simStudy1_SPDE_87_K16_21.RData ...
[intPts sim 87] done in 3.2 min
[intPts sim 88] building savedOutput/simStudy1/intPtsDHS_simStudy1_SPDE_88_K16_21.RData ...
[intPts sim 88] done in 3.1 min
[intPts sim 89] building savedOutput/simStudy1/intPtsDHS_simStudy1_SPDE_89_K16_21.RData ...
[intPts sim 89] done in 3.2 min
[intPts sim 90] building savedOutput/simStudy1/intPtsDHS_simStudy1_SPDE_90_K16_21.RData ...
[intPts sim 90] done in 3.1 min
  SPDE [90/100 (sim 90)]  elapsed 320.7 min  eta 35.6 min
[intPts sim 91] building savedOutput/simStudy1/intPtsDHS_simStudy1_SPDE_91_K16_21.RData ...
[intPts sim 91] done in 3.1 min
[intPts sim 92] building savedOutput/simStudy1/intPtsDHS_simStudy1_SPDE_92_K16_21.RData ...
[intPts sim 92] done in 3.1 min
[intPts sim 93] building savedOutput/simStudy1/intPtsDHS_simStudy1_SPDE_93_K16_21.RData ...
[intPts sim 93] done in 3.3 min
[intPts sim 94] building savedOutput/simStudy1/intPtsDHS_simStudy1_SPDE_94_K16_21.RData ...
[intPts sim 94] done in 2.8 min
[intPts sim 95] building savedOutput/simStudy1/intPtsDHS_simStudy1_SPDE_95_K16_21.RData ...
[intPts sim 95] done in 2.8 min
[intPts sim 96] building savedOutput/simStudy1/intPtsDHS_simStudy1_SPDE_96_K16_21.RData ...
[intPts sim 96] done in 2.8 min
[intPts sim 97] building savedOutput/simStudy1/intPtsDHS_simStudy1_SPDE_97_K16_21.RData ...
[intPts sim 97] done in 2.8 min
[intPts sim 98] building savedOutput/simStudy1/intPtsDHS_simStudy1_SPDE_98_K16_21.RData ...
[intPts sim 98] done in 2.8 min
[intPts sim 99] building savedOutput/simStudy1/intPtsDHS_simStudy1_SPDE_99_K16_21.RData ...
[intPts sim 99] done in 2.8 min
[intPts sim 100] building savedOutput/simStudy1/intPtsDHS_simStudy1_SPDE_100_K16_21.RData ...
[intPts sim 100] done in 2.8 min
  SPDE [100/100 (sim 100)]  elapsed 349.8 min  eta 0.0 min

--- 2026-06-08 20:15:16 | done ---
