Spam version 2.11-3 (2026-01-05) is loaded.
Type 'help( Spam)' or 'demo( spam)' for a short introduction 
and overview of this package.
Help for individual functions is also obtained by adding the
suffix '.spam' to the function name, e.g. 'help( chol.spam)'.

Attaching package: 'spam'

The following object is masked from 'package:Matrix':

    det

The following objects are masked from 'package:base':

    backsolve, forwardsolve

Loading required package: viridisLite

Try help(fields) to get started.
Loading required package: spam64
Loading required package: fftwtools

Attaching package: 'xtable'

The following object is masked from 'package:spam':

    display

Loading required package: coda
Loading required package: MASS

Attaching package: 'MASS'

The following objects are masked from 'package:raster':

    area, select

##
## Markov Chain Monte Carlo Package (MCMCpack)
## Copyright (C) 2003-2026 Andrew D. Martin, Kevin M. Quinn, and Jong Hee Park
##
## Support provided by the U.S. National Science Foundation
## (Grants SES-0350646 and SES-0350613)
##

Attaching package: 'MCMCpack'

The following objects are masked from 'package:invgamma':

    dinvgamma, rinvgamma

This is INLA_25.03.13 built 2025-03-12 21:15:52 UTC.
 - See www.r-inla.org/contact-us for how to get help.
 - List available models/likelihoods/etc with inla.list.models()
 - Use inla.doc(<NAME>) to access documentation

Attaching package: 'INLA'

The following object is masked from 'package:spam':

    Oral


Attaching package: 'data.table'

The following object is masked from 'package:raster':

    shift

Loading required package: grid
Loading required package: survival

Attaching package: 'survival'

The following objects are masked from 'package:sampling':

    cluster, strata


Attaching package: 'survey'

The following object is masked from 'package:raster':

    cv

The following object is masked from 'package:graphics':

    dotchart

SUMMER version 1.4.1
  See latest changes with 'news(package = 'SUMMER')'
Loading required package: TraMineR

TraMineR stable version 2.2-11 (Built: 2025-03-22)
Website: http://traminer.unige.ch
Please type 'citation("TraMineR")' for citation information.

Loading required package: cluster
This is WeightedCluster stable version 1.8-1 (Built: 2025-03-22)

To access available manuals and short tutorials, please run:
   vignette("WeightedCluster") ## For the complete manual in English
   vignette(package="WeightedCluster") ## To list available documentation

To cite WeightedCluster in publications please use or references in the help pages:
Studer, Matthias (2013). WeightedCluster Library Manual: A practical
   guide to creating typologies of trajectories in the social sciences
   with R. LIVES Working Papers, 24. doi:
   10.12682/lives.2296-1658.2013.24
Loading required package: foreign

Attaching package: 'shapefiles'

The following objects are masked from 'package:foreign':

    read.dbf, write.dbf

Loading required package: usethis

Attaching package: 'colorspace'

The following object is masked from 'package:raster':

    RGB

Loading required package: Rcpp
Warning in CPL_crs_from_input(x) :
  GDAL Message 1: +init=epsg:XXXX syntax is deprecated. It might return a CRS with a non-EPSG compliant axis order.
[sim] generating savedOutput/simStudy1/simPopsSurveys_BYM2.RData (nsim=100, seed=123)
[1] "Constructing offset based on covariates..."
[1] "Simulating populations and surveys..."
[1] "Simulating population 1/100"
Warning in Matrix.DeprecatedCoerce(cd1, cd2) :
  'as(<dgTMatrix>, "dgCMatrix")' is deprecated.
Use 'as(., "CsparseMatrix")' instead.
See help("Deprecated") and help("Matrix-deprecated").
Warning in eigen.spam(Q, symmetric = TRUE) : 
 The eigenvalues are calculated with the function 'eigen' from the base package.
[1] "drawing EAs"
no samples accepted this round out of 1.1 total. Redrawing...
Warning in FUN(X[[i]], ...) :
  area Sokoto may have subareas with low (but nonzero) urban or rural populations. Consider thresholding those populations to zero for more efficient sampling.
[1] "simulating EA level risks, numerators, and denominators"
[1] "Generating surveys for population 1/100"
[1] "estimated time remaining: 6.6900625 hours"
[1] "Simulating population 2/100"
Warning in Matrix.DeprecatedCoerce(cd1, cd2) :
  'as(<dgTMatrix>, "dgCMatrix")' is deprecated.
Use 'as(., "CsparseMatrix")' instead.
See help("Deprecated") and help("Matrix-deprecated").
Warning in eigen.spam(Q, symmetric = TRUE) : 
 The eigenvalues are calculated with the function 'eigen' from the base package.
[1] "drawing EAs"
no samples accepted this round out of 1.1 total. Redrawing...
Warning in FUN(X[[i]], ...) :
  area Kano may have subareas with low (but nonzero) urban or rural populations. Consider thresholding those populations to zero for more efficient sampling.
no samples accepted this round out of 1.1 total. Redrawing...
Warning in FUN(X[[i]], ...) :
  area Yobe may have subareas with low (but nonzero) urban or rural populations. Consider thresholding those populations to zero for more efficient sampling.
[1] "simulating EA level risks, numerators, and denominators"
[1] "Generating surveys for population 2/100"
[1] "estimated time remaining: 6.88279861111111 hours"
[1] "Simulating population 3/100"
Warning in Matrix.DeprecatedCoerce(cd1, cd2) :
  'as(<dgTMatrix>, "dgCMatrix")' is deprecated.
Use 'as(., "CsparseMatrix")' instead.
See help("Deprecated") and help("Matrix-deprecated").
Warning in eigen.spam(Q, symmetric = TRUE) : 
 The eigenvalues are calculated with the function 'eigen' from the base package.
[1] "drawing EAs"
no samples accepted this round out of 1.1 total. Redrawing...
Warning in FUN(X[[i]], ...) :
  area Sokoto may have subareas with low (but nonzero) urban or rural populations. Consider thresholding those populations to zero for more efficient sampling.
[1] "simulating EA level risks, numerators, and denominators"
[1] "Generating surveys for population 3/100"
[1] "estimated time remaining: 13.1522569444444 hours"
[1] "Simulating population 4/100"
Warning in Matrix.DeprecatedCoerce(cd1, cd2) :
  'as(<dgTMatrix>, "dgCMatrix")' is deprecated.
Use 'as(., "CsparseMatrix")' instead.
See help("Deprecated") and help("Matrix-deprecated").
Warning in eigen.spam(Q, symmetric = TRUE) : 
 The eigenvalues are calculated with the function 'eigen' from the base package.
[1] "drawing EAs"
[1] "simulating EA level risks, numerators, and denominators"
[1] "Generating surveys for population 4/100"
[1] "estimated time remaining: 52.5445 hours"
[1] "Simulating population 5/100"
Warning in Matrix.DeprecatedCoerce(cd1, cd2) :
  'as(<dgTMatrix>, "dgCMatrix")' is deprecated.
Use 'as(., "CsparseMatrix")' instead.
See help("Deprecated") and help("Matrix-deprecated").
Warning in eigen.spam(Q, symmetric = TRUE) : 
 The eigenvalues are calculated with the function 'eigen' from the base package.
[1] "drawing EAs"
no samples accepted this round out of 1.1 total. Redrawing...
Warning in FUN(X[[i]], ...) :
  area Kano may have subareas with low (but nonzero) urban or rural populations. Consider thresholding those populations to zero for more efficient sampling.
[1] "simulating EA level risks, numerators, and denominators"
[1] "Generating surveys for population 5/100"
[1] "estimated time remaining: 60.3666944444444 hours"
[1] "Simulating population 6/100"
Warning in Matrix.DeprecatedCoerce(cd1, cd2) :
  'as(<dgTMatrix>, "dgCMatrix")' is deprecated.
Use 'as(., "CsparseMatrix")' instead.
See help("Deprecated") and help("Matrix-deprecated").
Warning in eigen.spam(Q, symmetric = TRUE) : 
 The eigenvalues are calculated with the function 'eigen' from the base package.
[1] "drawing EAs"
no samples accepted this round out of 1.1 total. Redrawing...
Warning in FUN(X[[i]], ...) :
  area Ekiti may have subareas with low (but nonzero) urban or rural populations. Consider thresholding those populations to zero for more efficient sampling.
no samples accepted this round out of 1.1 total. Redrawing...
Warning in FUN(X[[i]], ...) :
  area Sokoto may have subareas with low (but nonzero) urban or rural populations. Consider thresholding those populations to zero for more efficient sampling.
[1] "simulating EA level risks, numerators, and denominators"
[1] "Generating surveys for population 6/100"
[1] "estimated time remaining: 52.9744398148148 hours"
[1] "Simulating population 7/100"
Warning in Matrix.DeprecatedCoerce(cd1, cd2) :
  'as(<dgTMatrix>, "dgCMatrix")' is deprecated.
Use 'as(., "CsparseMatrix")' instead.
See help("Deprecated") and help("Matrix-deprecated").
Warning in eigen.spam(Q, symmetric = TRUE) : 
 The eigenvalues are calculated with the function 'eigen' from the base package.
[1] "drawing EAs"
no samples accepted this round out of 1.1 total. Redrawing...
Warning in FUN(X[[i]], ...) :
  area Jigawa may have subareas with low (but nonzero) urban or rural populations. Consider thresholding those populations to zero for more efficient sampling.
no samples accepted this round out of 1.1 total. Redrawing...
Warning in FUN(X[[i]], ...) :
  area Kano may have subareas with low (but nonzero) urban or rural populations. Consider thresholding those populations to zero for more efficient sampling.
no samples accepted this round out of 1.1 total. Redrawing...
Warning in FUN(X[[i]], ...) :
  area Yobe may have subareas with low (but nonzero) urban or rural populations. Consider thresholding those populations to zero for more efficient sampling.
[1] "simulating EA level risks, numerators, and denominators"
[1] "Generating surveys for population 7/100"
[1] "estimated time remaining: 50.6754047619048 hours"
[1] "Simulating population 8/100"
Warning in Matrix.DeprecatedCoerce(cd1, cd2) :
  'as(<dgTMatrix>, "dgCMatrix")' is deprecated.
Use 'as(., "CsparseMatrix")' instead.
See help("Deprecated") and help("Matrix-deprecated").
Warning in eigen.spam(Q, symmetric = TRUE) : 
 The eigenvalues are calculated with the function 'eigen' from the base package.
[1] "drawing EAs"
no samples accepted this round out of 1.1 total. Redrawing...
Warning in FUN(X[[i]], ...) :
  area Yobe may have subareas with low (but nonzero) urban or rural populations. Consider thresholding those populations to zero for more efficient sampling.
[1] "simulating EA level risks, numerators, and denominators"
[1] "Generating surveys for population 8/100"
[1] "estimated time remaining: 54.05215625 hours"
[1] "Simulating population 9/100"
Warning in Matrix.DeprecatedCoerce(cd1, cd2) :
  'as(<dgTMatrix>, "dgCMatrix")' is deprecated.
Use 'as(., "CsparseMatrix")' instead.
See help("Deprecated") and help("Matrix-deprecated").
Warning in eigen.spam(Q, symmetric = TRUE) : 
 The eigenvalues are calculated with the function 'eigen' from the base package.
[1] "drawing EAs"
no samples accepted this round out of 1.1 total. Redrawing...
Warning in FUN(X[[i]], ...) :
  area Yobe may have subareas with low (but nonzero) urban or rural populations. Consider thresholding those populations to zero for more efficient sampling.
[1] "simulating EA level risks, numerators, and denominators"
[1] "Generating surveys for population 9/100"
[1] "estimated time remaining: 52.0736265432099 hours"
[1] "Simulating population 10/100"
Warning in Matrix.DeprecatedCoerce(cd1, cd2) :
  'as(<dgTMatrix>, "dgCMatrix")' is deprecated.
Use 'as(., "CsparseMatrix")' instead.
See help("Deprecated") and help("Matrix-deprecated").
Warning in eigen.spam(Q, symmetric = TRUE) : 
 The eigenvalues are calculated with the function 'eigen' from the base package.
[1] "drawing EAs"
[1] "simulating EA level risks, numerators, and denominators"
[1] "Generating surveys for population 10/100"
[1] "estimated time remaining: 49.2859375 hours"
[1] "Simulating population 11/100"
Warning in Matrix.DeprecatedCoerce(cd1, cd2) :
  'as(<dgTMatrix>, "dgCMatrix")' is deprecated.
Use 'as(., "CsparseMatrix")' instead.
See help("Deprecated") and help("Matrix-deprecated").
Warning in eigen.spam(Q, symmetric = TRUE) : 
 The eigenvalues are calculated with the function 'eigen' from the base package.
[1] "drawing EAs"
no samples accepted this round out of 1.1 total. Redrawing...
Warning in FUN(X[[i]], ...) :
  area Kano may have subareas with low (but nonzero) urban or rural populations. Consider thresholding those populations to zero for more efficient sampling.
[1] "simulating EA level risks, numerators, and denominators"
[1] "Generating surveys for population 11/100"
[1] "estimated time remaining: 45.6256477272727 hours"
[1] "Simulating population 12/100"
Warning in Matrix.DeprecatedCoerce(cd1, cd2) :
  'as(<dgTMatrix>, "dgCMatrix")' is deprecated.
Use 'as(., "CsparseMatrix")' instead.
See help("Deprecated") and help("Matrix-deprecated").
Warning in eigen.spam(Q, symmetric = TRUE) : 
 The eigenvalues are calculated with the function 'eigen' from the base package.
[1] "drawing EAs"
no samples accepted this round out of 1.1 total. Redrawing...
Warning in FUN(X[[i]], ...) :
  area Ekiti may have subareas with low (but nonzero) urban or rural populations. Consider thresholding those populations to zero for more efficient sampling.
[1] "simulating EA level risks, numerators, and denominators"
[1] "Generating surveys for population 12/100"
[1] "estimated time remaining: 42.3664490740741 hours"
[1] "Simulating population 13/100"
Warning in Matrix.DeprecatedCoerce(cd1, cd2) :
  'as(<dgTMatrix>, "dgCMatrix")' is deprecated.
Use 'as(., "CsparseMatrix")' instead.
See help("Deprecated") and help("Matrix-deprecated").
Warning in eigen.spam(Q, symmetric = TRUE) : 
 The eigenvalues are calculated with the function 'eigen' from the base package.
[1] "drawing EAs"
no samples accepted this round out of 1.1 total. Redrawing...
Warning in FUN(X[[i]], ...) :
  area Kano may have subareas with low (but nonzero) urban or rural populations. Consider thresholding those populations to zero for more efficient sampling.
[1] "simulating EA level risks, numerators, and denominators"
[1] "Generating surveys for population 13/100"
[1] "estimated time remaining: 39.9427596153846 hours"
[1] "Simulating population 14/100"
Warning in Matrix.DeprecatedCoerce(cd1, cd2) :
  'as(<dgTMatrix>, "dgCMatrix")' is deprecated.
Use 'as(., "CsparseMatrix")' instead.
See help("Deprecated") and help("Matrix-deprecated").
Warning in eigen.spam(Q, symmetric = TRUE) : 
 The eigenvalues are calculated with the function 'eigen' from the base package.
[1] "drawing EAs"
no samples accepted this round out of 1.1 total. Redrawing...
Warning in FUN(X[[i]], ...) :
  area Kano may have subareas with low (but nonzero) urban or rural populations. Consider thresholding those populations to zero for more efficient sampling.
[1] "simulating EA level risks, numerators, and denominators"
[1] "Generating surveys for population 14/100"
[1] "estimated time remaining: 37.6002152777778 hours"
[1] "Simulating population 15/100"
Warning in Matrix.DeprecatedCoerce(cd1, cd2) :
  'as(<dgTMatrix>, "dgCMatrix")' is deprecated.
Use 'as(., "CsparseMatrix")' instead.
See help("Deprecated") and help("Matrix-deprecated").
Warning in eigen.spam(Q, symmetric = TRUE) : 
 The eigenvalues are calculated with the function 'eigen' from the base package.
[1] "drawing EAs"
no samples accepted this round out of 1.1 total. Redrawing...
Warning in FUN(X[[i]], ...) :
  area Yobe may have subareas with low (but nonzero) urban or rural populations. Consider thresholding those populations to zero for more efficient sampling.
[1] "simulating EA level risks, numerators, and denominators"
[1] "Generating surveys for population 15/100"
[1] "estimated time remaining: 36.1898125 hours"
[1] "Simulating population 16/100"
Warning in Matrix.DeprecatedCoerce(cd1, cd2) :
  'as(<dgTMatrix>, "dgCMatrix")' is deprecated.
Use 'as(., "CsparseMatrix")' instead.
See help("Deprecated") and help("Matrix-deprecated").
Warning in eigen.spam(Q, symmetric = TRUE) : 
 The eigenvalues are calculated with the function 'eigen' from the base package.
[1] "drawing EAs"
no samples accepted this round out of 1.1 total. Redrawing...
Warning in FUN(X[[i]], ...) :
  area Kano may have subareas with low (but nonzero) urban or rural populations. Consider thresholding those populations to zero for more efficient sampling.
no samples accepted this round out of 1.1 total. Redrawing....
Warning in FUN(X[[i]], ...) :
  area Yobe may have subareas with low (but nonzero) urban or rural populations. Consider thresholding those populations to zero for more efficient sampling.
[1] "simulating EA level risks, numerators, and denominators"
[1] "Generating surveys for population 16/100"
[1] "estimated time remaining: 35.1289895833333 hours"
[1] "Simulating population 17/100"
Warning in Matrix.DeprecatedCoerce(cd1, cd2) :
  'as(<dgTMatrix>, "dgCMatrix")' is deprecated.
Use 'as(., "CsparseMatrix")' instead.
See help("Deprecated") and help("Matrix-deprecated").
Warning in eigen.spam(Q, symmetric = TRUE) : 
 The eigenvalues are calculated with the function 'eigen' from the base package.
[1] "drawing EAs"
[1] "simulating EA level risks, numerators, and denominators"
[1] "Generating surveys for population 17/100"
[1] "estimated time remaining: 33.8635253267974 hours"
[1] "Simulating population 18/100"
Warning in Matrix.DeprecatedCoerce(cd1, cd2) :
  'as(<dgTMatrix>, "dgCMatrix")' is deprecated.
Use 'as(., "CsparseMatrix")' instead.
See help("Deprecated") and help("Matrix-deprecated").
Warning in eigen.spam(Q, symmetric = TRUE) : 
 The eigenvalues are calculated with the function 'eigen' from the base package.
[1] "drawing EAs"
no samples accepted this round out of 1.1 total. Redrawing...
Warning in FUN(X[[i]], ...) :
  area Ekiti may have subareas with low (but nonzero) urban or rural populations. Consider thresholding those populations to zero for more efficient sampling.
[1] "simulating EA level risks, numerators, and denominators"
[1] "Generating surveys for population 18/100"
[1] "estimated time remaining: 33.1641597222222 hours"
[1] "Simulating population 19/100"
Warning in Matrix.DeprecatedCoerce(cd1, cd2) :
  'as(<dgTMatrix>, "dgCMatrix")' is deprecated.
Use 'as(., "CsparseMatrix")' instead.
See help("Deprecated") and help("Matrix-deprecated").
Warning in eigen.spam(Q, symmetric = TRUE) : 
 The eigenvalues are calculated with the function 'eigen' from the base package.
[1] "drawing EAs"
no samples accepted this round out of 1.1 total. Redrawing...
Warning in FUN(X[[i]], ...) :
  area Ekiti may have subareas with low (but nonzero) urban or rural populations. Consider thresholding those populations to zero for more efficient sampling.
no samples accepted this round out of 1.1 total. Redrawing....
Warning in FUN(X[[i]], ...) :
  area Yobe may have subareas with low (but nonzero) urban or rural populations. Consider thresholding those populations to zero for more efficient sampling.
[1] "simulating EA level risks, numerators, and denominators"
[1] "Generating surveys for population 19/100"
[1] "estimated time remaining: 32.9514572368421 hours"
[1] "Simulating population 20/100"
Warning in Matrix.DeprecatedCoerce(cd1, cd2) :
  'as(<dgTMatrix>, "dgCMatrix")' is deprecated.
Use 'as(., "CsparseMatrix")' instead.
See help("Deprecated") and help("Matrix-deprecated").
Warning in eigen.spam(Q, symmetric = TRUE) : 
 The eigenvalues are calculated with the function 'eigen' from the base package.
[1] "drawing EAs"
[1] "simulating EA level risks, numerators, and denominators"
[1] "Generating surveys for population 20/100"
[1] "estimated time remaining: 31.5261388888889 hours"
[1] "Simulating population 21/100"
Warning in Matrix.DeprecatedCoerce(cd1, cd2) :
  'as(<dgTMatrix>, "dgCMatrix")' is deprecated.
Use 'as(., "CsparseMatrix")' instead.
See help("Deprecated") and help("Matrix-deprecated").
Warning in eigen.spam(Q, symmetric = TRUE) : 
 The eigenvalues are calculated with the function 'eigen' from the base package.
[1] "drawing EAs"
no samples accepted this round out of 1.1 total. Redrawing...
Warning in FUN(X[[i]], ...) :
  area Bauchi may have subareas with low (but nonzero) urban or rural populations. Consider thresholding those populations to zero for more efficient sampling.
[1] "simulating EA level risks, numerators, and denominators"
[1] "Generating surveys for population 21/100"
[1] "estimated time remaining: 30.4515218253968 hours"
[1] "Simulating population 22/100"
Warning in Matrix.DeprecatedCoerce(cd1, cd2) :
  'as(<dgTMatrix>, "dgCMatrix")' is deprecated.
Use 'as(., "CsparseMatrix")' instead.
See help("Deprecated") and help("Matrix-deprecated").
Warning in eigen.spam(Q, symmetric = TRUE) : 
 The eigenvalues are calculated with the function 'eigen' from the base package.
[1] "drawing EAs"
[1] "simulating EA level risks, numerators, and denominators"
[1] "Generating surveys for population 22/100"
[1] "estimated time remaining: 29.5788162878788 hours"
[1] "Simulating population 23/100"
Warning in Matrix.DeprecatedCoerce(cd1, cd2) :
  'as(<dgTMatrix>, "dgCMatrix")' is deprecated.
Use 'as(., "CsparseMatrix")' instead.
See help("Deprecated") and help("Matrix-deprecated").
Warning in eigen.spam(Q, symmetric = TRUE) : 
 The eigenvalues are calculated with the function 'eigen' from the base package.
[1] "drawing EAs"
no samples accepted this round out of 1.1 total. Redrawing...
Warning in FUN(X[[i]], ...) :
  area Kano may have subareas with low (but nonzero) urban or rural populations. Consider thresholding those populations to zero for more efficient sampling.
no samples accepted this round out of 1.1 total. Redrawing...
Warning in FUN(X[[i]], ...) :
  area Yobe may have subareas with low (but nonzero) urban or rural populations. Consider thresholding those populations to zero for more efficient sampling.
[1] "simulating EA level risks, numerators, and denominators"
[1] "Generating surveys for population 23/100"
[1] "estimated time remaining: 28.5633266908213 hours"
[1] "Simulating population 24/100"
Warning in Matrix.DeprecatedCoerce(cd1, cd2) :
  'as(<dgTMatrix>, "dgCMatrix")' is deprecated.
Use 'as(., "CsparseMatrix")' instead.
See help("Deprecated") and help("Matrix-deprecated").
Warning in eigen.spam(Q, symmetric = TRUE) : 
 The eigenvalues are calculated with the function 'eigen' from the base package.
[1] "drawing EAs"
[1] "simulating EA level risks, numerators, and denominators"
[1] "Generating surveys for population 24/100"
[1] "estimated time remaining: 27.5476689814815 hours"
[1] "Simulating population 25/100"
Warning in Matrix.DeprecatedCoerce(cd1, cd2) :
  'as(<dgTMatrix>, "dgCMatrix")' is deprecated.
Use 'as(., "CsparseMatrix")' instead.
See help("Deprecated") and help("Matrix-deprecated").
Warning in eigen.spam(Q, symmetric = TRUE) : 
 The eigenvalues are calculated with the function 'eigen' from the base package.
[1] "drawing EAs"
no samples accepted this round out of 1.1 total. Redrawing...
Warning in FUN(X[[i]], ...) :
  area Ekiti may have subareas with low (but nonzero) urban or rural populations. Consider thresholding those populations to zero for more efficient sampling.
no samples accepted this round out of 1.1 total. Redrawing....
Warning in FUN(X[[i]], ...) :
  area Sokoto may have subareas with low (but nonzero) urban or rural populations. Consider thresholding those populations to zero for more efficient sampling.
[1] "simulating EA level risks, numerators, and denominators"
[1] "Generating surveys for population 25/100"
[1] "estimated time remaining: 26.618875 hours"
[1] "Simulating population 26/100"
Warning in Matrix.DeprecatedCoerce(cd1, cd2) :
  'as(<dgTMatrix>, "dgCMatrix")' is deprecated.
Use 'as(., "CsparseMatrix")' instead.
See help("Deprecated") and help("Matrix-deprecated").
Warning in eigen.spam(Q, symmetric = TRUE) : 
 The eigenvalues are calculated with the function 'eigen' from the base package.
[1] "drawing EAs"
no samples accepted this round out of 1.1 total. Redrawing...
Warning in FUN(X[[i]], ...) :
  area Kebbi may have subareas with low (but nonzero) urban or rural populations. Consider thresholding those populations to zero for more efficient sampling.
no samples accepted this round out of 1.1 total. Redrawing...
Warning in FUN(X[[i]], ...) :
  area Yobe may have subareas with low (but nonzero) urban or rural populations. Consider thresholding those populations to zero for more efficient sampling.
[1] "simulating EA level risks, numerators, and denominators"
[1] "Generating surveys for population 26/100"
[1] "estimated time remaining: 25.8894455128205 hours"
[1] "Simulating population 27/100"
Warning in Matrix.DeprecatedCoerce(cd1, cd2) :
  'as(<dgTMatrix>, "dgCMatrix")' is deprecated.
Use 'as(., "CsparseMatrix")' instead.
See help("Deprecated") and help("Matrix-deprecated").
Warning in eigen.spam(Q, symmetric = TRUE) : 
 The eigenvalues are calculated with the function 'eigen' from the base package.
[1] "drawing EAs"
[1] "simulating EA level risks, numerators, and denominators"
[1] "Generating surveys for population 27/100"
[1] "estimated time remaining: 26.0485516975309 hours"
[1] "Simulating population 28/100"
Warning in Matrix.DeprecatedCoerce(cd1, cd2) :
  'as(<dgTMatrix>, "dgCMatrix")' is deprecated.
Use 'as(., "CsparseMatrix")' instead.
See help("Deprecated") and help("Matrix-deprecated").
Warning in eigen.spam(Q, symmetric = TRUE) : 
 The eigenvalues are calculated with the function 'eigen' from the base package.
[1] "drawing EAs"
[1] "simulating EA level risks, numerators, and denominators"
[1] "Generating surveys for population 28/100"
[1] "estimated time remaining: 26.4193928571429 hours"
[1] "Simulating population 29/100"
Warning in Matrix.DeprecatedCoerce(cd1, cd2) :
  'as(<dgTMatrix>, "dgCMatrix")' is deprecated.
Use 'as(., "CsparseMatrix")' instead.
See help("Deprecated") and help("Matrix-deprecated").
Warning in eigen.spam(Q, symmetric = TRUE) : 
 The eigenvalues are calculated with the function 'eigen' from the base package.
[1] "drawing EAs"
[1] "simulating EA level risks, numerators, and denominators"
[1] "Generating surveys for population 29/100"
[1] "estimated time remaining: 27.9733879310345 hours"
[1] "Simulating population 30/100"
Warning in Matrix.DeprecatedCoerce(cd1, cd2) :
  'as(<dgTMatrix>, "dgCMatrix")' is deprecated.
Use 'as(., "CsparseMatrix")' instead.
See help("Deprecated") and help("Matrix-deprecated").
Warning in eigen.spam(Q, symmetric = TRUE) : 
 The eigenvalues are calculated with the function 'eigen' from the base package.
[1] "drawing EAs"
no samples accepted this round out of 1.1 total. Redrawing...
Warning in FUN(X[[i]], ...) :
  area Kano may have subareas with low (but nonzero) urban or rural populations. Consider thresholding those populations to zero for more efficient sampling.
